Microsoft Windows [Version 10.0.22621.1555]
(c) Microsoft Corporation. All rights reserved.

C:\Users\ssye0>mysql -u root -p
Enter password:
Welcome to the MariaDB monitor.  Commands end with ; or \g.
Your MariaDB connection id is 44
Server version: 10.4.28-MariaDB mariadb.org binary distribution

Copyright (c) 2000, 2018, Oracle, MariaDB Corporation Ab and others.

Type 'help;' or '\h' for help. Type '\c' to clear the current input statement.

MariaDB [(none)]> show databases;
+--------------------+
| Database           |
+--------------------+
| information_schema |
| mysql              |
| performance_schema |
| phpmyadmin         |
| school             |
| test               |
+--------------------+
6 rows in set (0.001 sec)

MariaDB [(none)]> use school;
Database changed
MariaDB [school]> create table student (
    -> studentnr varchar(5),
    -> roepnaam varchar(10),
    -> voorletters varchar(10),
    -> tussenvoegsels varchar(8),
    -> achternaam varchar(25),
    -> adres varchar(25),
    -> postcode varchar(7),
    -> woonplaats varchar(25),
    -> geslacht char(1),
    -> telefoon varchar(11),
    -> geboortedatum date,
    -> uitgeschreven date,
    -> schoolgeld decimal(6,2),
    -> betaald decimal(6,2),
    -> primary key(studentnr)
    -> ) engine = innodb;
ERROR 1050 (42S01): Table 'student' already exists
MariaDB [school]> DROP TABLE student;
Query OK, 0 rows affected (0.053 sec)

MariaDB [school]> CREATE TABLE student (
    ->  studentnr varchar(5),
    ->  roepnaam varchar(10),
    ->  voorletters varchar(10),
    ->  tussenvoegsels varchar(8),
    ->  achternaam varchar(25),
    ->  adres varchar(25),
    ->  postcode varchar(7),
    ->  woonplaats varchar(25),
    -> geslacht char(1),
    -> telefoon varchar(11),
    ->  geboortedatum date,
    ->  uitgeschreven date,
    -> schoolgeld decimal(6,2),
    -> betaald decimal(6,2),
    ->  primary key(studentnr)
    -> ) engine = innodb;
Query OK, 0 rows affected (0.054 sec)

MariaDB [school]> show tables;
+------------------+
| Tables_in_school |
+------------------+
| student          |
+------------------+
1 row in set (0.001 sec)

MariaDB [school]> insert into student values ('1111', 'piet', 'pp', 'null', 'pietersen', 'pietstraat 2', '1111pp', 'almere', 'm', '231234567', '1995-01-20', 'null', '500', '500');
Query OK, 1 row affected, 1 warning (0.009 sec)

MariaDB [school]> show tables;
+------------------+
| Tables_in_school |
+------------------+
| student          |
+------------------+
1 row in set (0.001 sec)

MariaDB [school]> select * from student;
+-----------+----------+-------------+----------------+------------+--------------+----------+------------+----------+-----------+---------------+---------------+------------+---------+
| studentnr | roepnaam | voorletters | tussenvoegsels | achternaam | adres        | postcode | woonplaats | geslacht | telefoon  | geboortedatum | uitgeschreven | schoolgeld | betaald |
+-----------+----------+-------------+----------------+------------+--------------+----------+------------+----------+-----------+---------------+---------------+------------+---------+
| 1111      | piet     | pp          | null           | pietersen  | pietstraat 2 | 1111pp   | almere    | m        | 231234567 | 1995-01-20    | 0000-00-00    |     500.00 |  500.00 |
+-----------+----------+-------------+----------------+------------+--------------+----------+------------+----------+-----------+---------------+---------------+------------+---------+
1 row in set (0.000 sec)

MariaDB [school]>
